1 Homies\Models\floor.md2 img=6 material:N
2 Homies\Models\wall.md2 img=7 material:N
3 Homies\Models\hand.md2 img=44 material:N
4 Homies\Models\homie1.md2 img=20 material:N
5 Homies\Models\floor.md2 img=8 material:N
6 Homies\Models\floor.md2 img=9 material:N
7 Homies\Models\floor.md2 img=10 material:N
8 Homies\Models\floor.md2 img=11 material:N
9 Homies\Models\floor.md2 img=12 material:N
10 Homies\Models\floor.md2 img=13 material:N
11 Homies\Models\floor.md2 img=14 material:N
12 Homies\Models\floor.md2 img=15 material:N
13 Homies\Models\floor.md2 img=16 material:N
14 Homies\Models\floor.md2 img=17 material:N
15 Homies\Models\floor.md2 img=18 material:N
16 Homies\Models\floor.md2 img=19 material:N
17 Homies\Models\homie1.md2 img=21 material:N
18 Homies\Models\homie1.md2 img=22 material:N
19 Homies\Models\homie1.md2 img=23 material:N
20 Homies\Models\bouncer.md2 img=33 material:N
21 Homies\Models\door1.md2 img=34 material:N
22 Homies\Models\door1.md2 img=35 material:N
23 Homies\Models\door1.md2 img=36 material:N
24 Homies\Models\door1.md2 img=37 material:N
25 Homies\Models\floor.md2 img=38 material:N
26 Homies\Models\floor.md2 img=39 material:N
27 Homies\Models\floor.md2 img=40 material:N
28 Homies\Models\floor.md2 img=41 material:N
29 Homies\Models\floor.md2 img=57 material:N
30 Homies\Models\wall.md2 img=58 material:N
